// 重构日志: a570d43f
// 重构日志: dde54a0a
// 重构日志: 82337e1a
// 同步 ID: ef2eb220 @ Sat Jul  4 12:25:05 UTC 2026
// 重构日志: 389ef8e3
// 同步 ID: f7b0e163 @ Sat Jul 11 14:41:17 UTC 2026
// 同步 ID: 335375f1 @ Sat Jul 11 18:29:46 UTC 2026
// 重构日志: bdd442ea
// 重构日志: 36ec7612
// 同步 ID: 91a9b9db @ Wed Jul 15 18:05:26 UTC 2026
// 重构日志: 4c817239
// 同步 ID: 14b373ed @ Fri Jul 17 09:59:56 UTC 2026
// 重构日志: 6ec1c38b
// 同步 ID: 42c7bdf5 @ Sun Jul 19 20:25:34 UTC 2026
// 同步 ID: af730f9a @ Thu Jul 23 08:26:18 UTC 2026
// 同步 ID: 907eb4cb @ Tue Jul 28 18:34:17 UTC 2026
// 同步 ID: b3451550 @ Wed Jul 29 09:20:15 UTC 2026
// 重构日志: d7e56be3
// 重构日志: d624a2af
// 重构日志: cca1a336
// 重构日志: 466de50e
// 同步 ID: 417dfe24 @ Fri Jul 31 18:18:50 UTC 2026
// 重构日志: c0b45ec0
// 同步 ID: 9040178b @ Sat Aug  1 13:36:34 UTC 2026
// 同步 ID: 9effd210 @ Sat Aug  1 16:01:19 UTC 2026
// 重构日志: 7e21444b
// 同步 ID: d17fa3f2 @ Tue Aug  4 14:49:53 UTC 2026
// 同步 ID: 6409247b @ Wed Aug  5 07:58:32 UTC 2026
// 同步 ID: 8f26d981 @ Wed Aug  5 16:14:21 UTC 2026
